14:35:41 **** Incremental Build of configuration Debug for project led_h7_CM7 ****
make -j12 all 
arm-none-eabi-gcc "../Core/Src/app_threadx.c" -mcpu=cortex-m7 -std=gnu11 -g3 -DDEBUG -DCORE_CM7 -DUSE_HAL_DRIVER -DSTM32H745xx -DUSE_PWR_DIRECT_SMPS_SUPPLY -DTX_INCLUDE_USER_DEFINE_FILE -c -I../Core/Inc -I../AZURE_RTOS/App -I../../Middlewares/ST/threadx/common/inc/ -I../../Middlewares/ST/threadx/ports/cortex_m7/gnu/inc/ -I../../Drivers/STM32H7xx_HAL_Driver/Inc -I../../Drivers/STM32H7xx_HAL_Driver/Inc/Legacy -I../../Drivers/CMSIS/Device/ST/STM32H7xx/Include -I../../Drivers/CMSIS/Include -O0 -ffunction-sections -fdata-sections -Wall -fstack-usage -fcyclomatic-complexity -MMD -MP -MF"Core/Src/app_threadx.d" -MT"Core/Src/app_threadx.o" --specs=nano.specs -mfpu=fpv5-d16 -mfloat-abi=hard -mthumb -o "Core/Src/app_threadx.o"
arm-none-eabi-gcc -o "led_h7_CM7.elf" @"objects.list"   -mcpu=cortex-m7 -T"E:\STM32N657X0_Q\ThreadX_Projects\LED_TEST_H7\led_h7\CM7\STM32H745XIHX_FLASH.ld" --specs=nosys.specs -Wl,-Map="led_h7_CM7.map" -Wl,--gc-sections -static --specs=nano.specs -mfpu=fpv5-d16 -mfloat-abi=hard -mthumb -Wl,--start-group -lc -lm -Wl,--end-group
Finished building target: led_h7_CM7.elf
 
arm-none-eabi-size  led_h7_CM7.elf 
arm-none-eabi-objdump -h -S led_h7_CM7.elf  > "led_h7_CM7.list"
   text	   data	    bss	    dec	    hex	filename
  15672	     20	   6724	  22416	   5790	led_h7_CM7.elf
Finished building: default.size.stdout
 
Finished building: led_h7_CM7.list
 
14:35:48 **** Incremental Build of configuration Debug for project led_h7_CM7 ****
make -j12 all 
arm-none-eabi-size  led_h7_CM7.elf 
   text	   data	    bss	    dec	    hex	filename
  15672	     20	   6724	  22416	   5790	led_h7_CM7.elf
Finished building: default.size.stdout
 
